--- STARTING END-TO-END TEST ---
\n[1/4] Generating Storyboard...
python : Traceback (most 
recent call last):
At line:1 char:1
+ python test_run.py > 
test_log.txt 2>&1
+ ~~~~~~~~~~~~~~~~~~~~~~~~
~~~~~~~~~~~~~~
    + CategoryInfo        
      : NotSpecified: (T  
  raceback (most recent   
  call last)::String)     
[], RemoteException
    + FullyQualifiedError 
   Id : NativeCommandErr  
  or
 
  File "C:\Users\mytra\One
Drive\Documents\Desktop\et
 hackthon\et-news-copilot\
backend\test_run.py", 
line 54, in <module>
    main()
    ~~~~^^
  File "C:\Users\mytra\One
Drive\Documents\Desktop\et
 hackthon\et-news-copilot\
backend\test_run.py", 
line 24, in main
    print("\u2705 
Storyboard Created! 
Sequences:", 
len(storyboard["scenes"]))
    ~~~~~^^^^^^^^^^^^^^^^^
^^^^^^^^^^^^^^^^^^^^^^^^^^
^^^^^^^^^^^^^^^^^^^^^
  File "C:\Python314\Lib\e
ncodings\cp1252.py", line 
19, in encode
    return codecs.charmap_
encode(input,self.errors,e
ncoding_table)[0]
           ~~~~~~~~~~~~~~~
~~~~~~^^^^^^^^^^^^^^^^^^^^
^^^^^^^^^^^^^^
UnicodeEncodeError: 
'charmap' codec can't 
encode character '\u2705' 
in position 0: character 
maps to <undefined>
